<html>
<body>
<pre>
<h1>µVision Build Log</h1>
<h2>Tool Versions:</h2>
IDE-Version: µVision V5.17.0.0
Copyright (C) 2015 ARM Ltd and ARM Germany GmbH. All rights reserved.
License Information: Shivam Kurzekar, KM, LIC=----
 
Tool Versions:
Toolchain:       MDK-Lite  Version: 5.17
Toolchain Path:  C:\Keil_v5\ARM\ARMCC\Bin
C Compiler:      Armcc.exe V5.06 update 1 (build 61)
Assembler:       Armasm.exe V5.06 update 1 (build 61)
Linker/Locator:  ArmLink.exe V5.06 update 1 (build 61)
Library Manager: ArmAr.exe V5.06 update 1 (build 61)
Hex Converter:   FromElf.exe V5.06 update 1 (build 61)
CPU DLL:         SARMCM3.DLL V5.17
Dialog DLL:      DCM.DLL V1.13.4.0
Target DLL:      lmidk-agdi.dll V???
Dialog DLL:      TCM.DLL V1.14.6.0
 
<h2>Project:</h2>
C:\Users\Lenovo\Documents\my_keil_projects\lcd_dislplay_embedded\lcd_display.uvprojx
Project File Date:  05/14/2019

<h2>Output:</h2>
*** Using Compiler 'V5.06 update 1 (build 61)', folder: 'C:\Keil_v5\ARM\ARMCC\Bin'
Rebuild target 'Target 1'
assembling km_startup.s...
compiling pll.c...
compiling lcd.c...
lcd.c(4): warning:  #1295-D: Deprecated declaration SYSCTL_Init - give arg types
  int SYSCTL_Init();
lcd.c(5): warning:  #1295-D: Deprecated declaration SysTickTimer_Init - give arg types
  int SysTickTimer_Init();
lcd.c(106): warning:  #940-D: missing return statement at end of non-void function "SysTickTimer_Init1"
   }
lcd.c(115): warning:  #940-D: missing return statement at end of non-void function "SysTickTimer_Init"
   }
lcd.c(128): warning:  #1-D: last line of file ends without a newline
  	
lcd.c: 5 warnings, 0 errors
linking...
Program Size: Code=1308 RO-data=636 RW-data=0 ZI-data=608  
".\Objects\lcd_display.axf" - 0 Error(s), 5 Warning(s).

<h2>Software Packages used:</h2>

Package Vendor: ARM
                http://www.keil.com/pack/ARM.CMSIS.5.5.1.pack
                ARM::CMSIS:CORE:5.2.0
                CMSIS (Cortex Microcontroller Software Interface Standard)
   * Component: CORE Version: 5.2.0

<h2>Collection of Component include folders:</h2>
  C:\Users\Lenovo\Documents\my_keil_projects\lcd_dislplay_embedded\RTE
  C:\Keil_v5\ARM\PACK\ARM\CMSIS\5.5.1\CMSIS\Core\Include
  C:\Keil_v5\ARM\PACK\Keil\TM4C_DFP\1.1.0\Device\Include\TM4C123

<h2>Collection of Component Files used:</h2>

   * Component: ARM::CMSIS:CORE:5.2.0
Build Time Elapsed:  00:00:02
</pre>
</body>
</html>
