Component: ARM Compiler 5.06 update 1 (build 61) Tool: armlink [4d35a8]

==============================================================================

Section Cross References

    km_startup - copy.o(STACK) refers (Special) to heapauxi.o(.text) for __use_two_region_memory
    km_startup - copy.o(HEAP) refers (Special) to heapauxi.o(.text) for __use_two_region_memory
    km_startup - copy.o(RESET) refers (Special) to heapauxi.o(.text) for __use_two_region_memory
    km_startup - copy.o(RESET) refers to km_startup - copy.o(STACK) for __initial_sp
    km_startup - copy.o(RESET) refers to km_startup - copy.o(.text) for Reset_Handler
    km_startup - copy.o(.text) refers (Special) to heapauxi.o(.text) for __use_two_region_memory
    km_startup - copy.o(.text) refers to myadc.o(i.main) for main
    km_startup - copy.o(.text) refers to km_startup - copy.o(HEAP) for Heap_Mem
    km_startup - copy.o(.text) refers to km_startup - copy.o(STACK) for Stack_Mem
    myadc.o(i.main) refers to myadc.o(i.ADC_Init) for ADC_Init
    myadc.o(i.main) refers to myadc.o(i.PORT_E_Init) for PORT_E_Init
    __main.o(!!!main) refers to __rtentry.o(.ARM.Collect$$rtentry$$00000000) for __rt_entry
    __rtentry.o(.ARM.Collect$$rtentry$$00000000) refers (Special) to __rtentry2.o(.ARM.Collect$$rtentry$$0000000A) for __rt_entry_li
    __rtentry.o(.ARM.Collect$$rtentry$$00000000) refers (Special) to __rtentry2.o(.ARM.Collect$$rtentry$$0000000D) for __rt_entry_main
    __rtentry.o(.ARM.Collect$$rtentry$$00000000) refers (Special) to __rtentry2.o(.ARM.Collect$$rtentry$$0000000C) for __rt_entry_postli_1
    __rtentry.o(.ARM.Collect$$rtentry$$00000000) refers (Special) to __rtentry2.o(.ARM.Collect$$rtentry$$00000009) for __rt_entry_postsh_1
    __rtentry.o(.ARM.Collect$$rtentry$$00000000) refers (Special) to __rtentry2.o(.ARM.Collect$$rtentry$$00000002) for __rt_entry_presh_1
    __rtentry.o(.ARM.Collect$$rtentry$$00000000) refers (Special) to __rtentry4.o(.ARM.Collect$$rtentry$$00000004) for __rt_entry_sh
    __rtentry2.o(.ARM.Collect$$rtentry$$00000008) refers to boardinit2.o(.text) for _platform_post_stackheap_init
    __rtentry2.o(.ARM.Collect$$rtentry$$0000000A) refers to libinit.o(.ARM.Collect$$libinit$$00000000) for __rt_lib_init
    __rtentry2.o(.ARM.Collect$$rtentry$$0000000B) refers to boardinit3.o(.text) for _platform_post_lib_init
    __rtentry2.o(.ARM.Collect$$rtentry$$0000000D) refers to myadc.o(i.main) for main
    __rtentry2.o(.ARM.Collect$$rtentry$$0000000D) refers to exit.o(.text) for exit
    __rtentry2.o(.ARM.exidx) refers to __rtentry2.o(.ARM.Collect$$rtentry$$00000001) for .ARM.Collect$$rtentry$$00000001
    __rtentry2.o(.ARM.exidx) refers to __rtentry2.o(.ARM.Collect$$rtentry$$00000008) for .ARM.Collect$$rtentry$$00000008
    __rtentry2.o(.ARM.exidx) refers to __rtentry2.o(.ARM.Collect$$rtentry$$0000000A) for .ARM.Collect$$rtentry$$0000000A
    __rtentry2.o(.ARM.exidx) refers to __rtentry2.o(.ARM.Collect$$rtentry$$0000000B) for .ARM.Collect$$rtentry$$0000000B
    __rtentry2.o(.ARM.exidx) refers to __rtentry2.o(.ARM.Collect$$rtentry$$0000000D) for .ARM.Collect$$rtentry$$0000000D
    __rtentry4.o(.ARM.Collect$$rtentry$$00000004) refers to sys_stackheap_outer.o(.text) for __user_setup_stackheap
    __rtentry4.o(.ARM.exidx) refers to __rtentry4.o(.ARM.Collect$$rtentry$$00000004) for .ARM.Collect$$rtentry$$00000004
    sys_stackheap_outer.o(.text) refers to libspace.o(.text) for __user_perproc_libspace
    sys_stackheap_outer.o(.text) refers to km_startup - copy.o(.text) for __user_initial_stackheap
    exit.o(.text) refers to rtexit.o(.ARM.Collect$$rtexit$$00000000) for __rt_exit
    libinit.o(.ARM.Collect$$libinit$$00000000) refers (Special) to libinit2.o(.ARM.Collect$$libinit$$0000002E) for __rt_lib_init_alloca_1
    libinit.o(.ARM.Collect$$libinit$$00000000) refers (Special) to libinit2.o(.ARM.Collect$$libinit$$0000002C) for __rt_lib_init_argv_1
    libinit.o(.ARM.Collect$$libinit$$00000000) refers (Special) to libinit2.o(.ARM.Collect$$libinit$$0000001B) for __rt_lib_init_atexit_1
    libinit.o(.ARM.Collect$$libinit$$00000000) refers (Special) to libinit2.o(.ARM.Collect$$libinit$$00000021) for __rt_lib_init_clock_1
    libinit.o(.ARM.Collect$$libinit$$00000000) refers (Special) to libinit2.o(.ARM.Collect$$libinit$$00000032) for __rt_lib_init_cpp_1
    libinit.o(.ARM.Collect$$libinit$$00000000) refers (Special) to libinit2.o(.ARM.Collect$$libinit$$00000030) for __rt_lib_init_exceptions_1
    libinit.o(.ARM.Collect$$libinit$$00000000) refers (Special) to libinit2.o(.ARM.Collect$$libinit$$00000001) for __rt_lib_init_fp_1
    libinit.o(.ARM.Collect$$libinit$$00000000) refers (Special) to libinit2.o(.ARM.Collect$$libinit$$0000001F) for __rt_lib_init_fp_trap_1
    libinit.o(.ARM.Collect$$libinit$$00000000) refers (Special) to libinit2.o(.ARM.Collect$$libinit$$00000023) for __rt_lib_init_getenv_1
    libinit.o(.ARM.Collect$$libinit$$00000000) refers (Special) to libinit2.o(.ARM.Collect$$libinit$$0000000A) for __rt_lib_init_heap_1
    libinit.o(.ARM.Collect$$libinit$$00000000) refers (Special) to libinit2.o(.ARM.Collect$$libinit$$00000011) for __rt_lib_init_lc_collate_1
    libinit.o(.ARM.Collect$$libinit$$00000000) refers (Special) to libinit2.o(.ARM.Collect$$libinit$$00000013) for __rt_lib_init_lc_ctype_1
    libinit.o(.ARM.Collect$$libinit$$00000000) refers (Special) to libinit2.o(.ARM.Collect$$libinit$$00000015) for __rt_lib_init_lc_monetary_1
    libinit.o(.ARM.Collect$$libinit$$00000000) refers (Special) to libinit2.o(.ARM.Collect$$libinit$$00000017) for __rt_lib_init_lc_numeric_1
    libinit.o(.ARM.Collect$$libinit$$00000000) refers (Special) to libinit2.o(.ARM.Collect$$libinit$$00000019) for __rt_lib_init_lc_time_1
    libinit.o(.ARM.Collect$$libinit$$00000000) refers (Special) to libinit2.o(.ARM.Collect$$libinit$$00000004) for __rt_lib_init_preinit_1
    libinit.o(.ARM.Collect$$libinit$$00000000) refers (Special) to libinit2.o(.ARM.Collect$$libinit$$0000000E) for __rt_lib_init_rand_1
    libinit.o(.ARM.Collect$$libinit$$00000000) refers (Special) to libinit2.o(.ARM.Collect$$libinit$$00000033) for __rt_lib_init_return
    libinit.o(.ARM.Collect$$libinit$$00000000) refers (Special) to libinit2.o(.ARM.Collect$$libinit$$0000001D) for __rt_lib_init_signal_1
    libinit.o(.ARM.Collect$$libinit$$00000000) refers (Special) to libinit2.o(.ARM.Collect$$libinit$$00000025) for __rt_lib_init_stdio_1
    libinit.o(.ARM.Collect$$libinit$$00000000) refers (Special) to libinit2.o(.ARM.Collect$$libinit$$0000000C) for __rt_lib_init_user_alloc_1
    libspace.o(.text) refers to libspace.o(.bss) for __libspace_start
    rtexit.o(.ARM.Collect$$rtexit$$00000000) refers (Special) to rtexit2.o(.ARM.Collect$$rtexit$$00000004) for __rt_exit_exit
    rtexit.o(.ARM.Collect$$rtexit$$00000000) refers (Special) to rtexit2.o(.ARM.Collect$$rtexit$$00000003) for __rt_exit_ls
    rtexit.o(.ARM.Collect$$rtexit$$00000000) refers (Special) to rtexit2.o(.ARM.Collect$$rtexit$$00000002) for __rt_exit_prels_1
    rtexit.o(.ARM.exidx) refers (Special) to rtexit2.o(.ARM.Collect$$rtexit$$00000004) for __rt_exit_exit
    rtexit.o(.ARM.exidx) refers (Special) to rtexit2.o(.ARM.Collect$$rtexit$$00000003) for __rt_exit_ls
    rtexit.o(.ARM.exidx) refers (Special) to rtexit2.o(.ARM.Collect$$rtexit$$00000002) for __rt_exit_prels_1
    rtexit.o(.ARM.exidx) refers to rtexit.o(.ARM.Collect$$rtexit$$00000000) for .ARM.Collect$$rtexit$$00000000
    libinit2.o(.ARM.Collect$$libinit$$00000001) refers to fpinit.o(x$fpl$fpinit) for _fp_init
    libinit2.o(.ARM.Collect$$libinit$$00000010) refers to libinit2.o(.ARM.Collect$$libinit$$0000000F) for .ARM.Collect$$libinit$$0000000F
    libinit2.o(.ARM.Collect$$libinit$$00000012) refers to libinit2.o(.ARM.Collect$$libinit$$0000000F) for .ARM.Collect$$libinit$$0000000F
    libinit2.o(.ARM.Collect$$libinit$$00000014) refers to libinit2.o(.ARM.Collect$$libinit$$0000000F) for .ARM.Collect$$libinit$$0000000F
    libinit2.o(.ARM.Collect$$libinit$$00000016) refers to libinit2.o(.ARM.Collect$$libinit$$0000000F) for .ARM.Collect$$libinit$$0000000F
    libinit2.o(.ARM.Collect$$libinit$$00000018) refers to libinit2.o(.ARM.Collect$$libinit$$0000000F) for .ARM.Collect$$libinit$$0000000F
    libinit2.o(.ARM.Collect$$libinit$$00000026) refers to argv_veneer.o(.emb_text) for __ARM_argv_veneer
    libinit2.o(.ARM.Collect$$libinit$$00000027) refers to argv_veneer.o(.emb_text) for __ARM_argv_veneer
    rtexit2.o(.ARM.Collect$$rtexit$$00000003) refers to libshutdown.o(.ARM.Collect$$libshutdown$$00000000) for __rt_lib_shutdown
    rtexit2.o(.ARM.Collect$$rtexit$$00000004) refers to sys_exit.o(.text) for _sys_exit
    rtexit2.o(.ARM.exidx) refers to rtexit2.o(.ARM.Collect$$rtexit$$00000001) for .ARM.Collect$$rtexit$$00000001
    rtexit2.o(.ARM.exidx) refers to rtexit2.o(.ARM.Collect$$rtexit$$00000003) for .ARM.Collect$$rtexit$$00000003
    rtexit2.o(.ARM.exidx) refers to rtexit2.o(.ARM.Collect$$rtexit$$00000004) for .ARM.Collect$$rtexit$$00000004
    argv_veneer.o(.emb_text) refers to no_argv.o(.text) for __ARM_get_argv
    sys_exit.o(.text) refers (Special) to use_no_semi.o(.text) for __I$use$semihosting
    sys_exit.o(.text) refers (Special) to indicate_semi.o(.text) for __semihosting_library_function
    _get_argv_nomalloc.o(.text) refers (Special) to hrguard.o(.text) for __heap_region$guard
    _get_argv_nomalloc.o(.text) refers to defsig_rtmem_outer.o(.text) for __rt_SIGRTMEM
    _get_argv_nomalloc.o(.text) refers to sys_command.o(.text) for _sys_command_string
    libshutdown.o(.ARM.Collect$$libshutdown$$00000000) refers (Special) to libshutdown2.o(.ARM.Collect$$libshutdown$$00000002) for __rt_lib_shutdown_cpp_1
    libshutdown.o(.ARM.Collect$$libshutdown$$00000000) refers (Special) to libshutdown2.o(.ARM.Collect$$libshutdown$$00000007) for __rt_lib_shutdown_fp_trap_1
    libshutdown.o(.ARM.Collect$$libshutdown$$00000000) refers (Special) to libshutdown2.o(.ARM.Collect$$libshutdown$$0000000F) for __rt_lib_shutdown_heap_1
    libshutdown.o(.ARM.Collect$$libshutdown$$00000000) refers (Special) to libshutdown2.o(.ARM.Collect$$libshutdown$$00000010) for __rt_lib_shutdown_return
    libshutdown.o(.ARM.Collect$$libshutdown$$00000000) refers (Special) to libshutdown2.o(.ARM.Collect$$libshutdown$$0000000A) for __rt_lib_shutdown_signal_1
    libshutdown.o(.ARM.Collect$$libshutdown$$00000000) refers (Special) to libshutdown2.o(.ARM.Collect$$libshutdown$$00000004) for __rt_lib_shutdown_stdio_1
    libshutdown.o(.ARM.Collect$$libshutdown$$00000000) refers (Special) to libshutdown2.o(.ARM.Collect$$libshutdown$$0000000C) for __rt_lib_shutdown_user_alloc_1
    sys_command.o(.text) refers (Special) to use_no_semi.o(.text) for __I$use$semihosting
    sys_command.o(.text) refers (Special) to indicate_semi.o(.text) for __semihosting_library_function
    defsig_rtmem_outer.o(.text) refers to defsig_rtmem_inner.o(.text) for __rt_SIGRTMEM_inner
    defsig_rtmem_outer.o(.text) refers to defsig_exit.o(.text) for __sig_exit
    defsig_rtmem_formal.o(.text) refers to rt_raise.o(.text) for __rt_raise
    rt_raise.o(.text) refers to __raise.o(.text) for __raise
    rt_raise.o(.text) refers to sys_exit.o(.text) for _sys_exit
    defsig_exit.o(.text) refers to sys_exit.o(.text) for _sys_exit
    defsig_rtmem_inner.o(.text) refers to defsig_general.o(.text) for __default_signal_display
    __raise.o(.text) refers to defsig.o(CL$$defsig) for __default_signal_handler
    defsig_general.o(.text) refers to sys_wrch.o(.text) for _ttywrch
    sys_wrch.o(.text) refers (Special) to use_no_semi.o(.text) for __I$use$semihosting
    sys_wrch.o(.text) refers (Special) to indicate_semi.o(.text) for __semihosting_library_function
    defsig.o(CL$$defsig) refers to defsig_rtmem_inner.o(.text) for __rt_SIGRTMEM_inner
    defsig_abrt_inner.o(.text) refers to defsig_general.o(.text) for __default_signal_display
    defsig_fpe_inner.o(.text) refers to defsig_general.o(.text) for __default_signal_display
    defsig_rtred_inner.o(.text) refers to defsig_general.o(.text) for __default_signal_display
    defsig_stak_inner.o(.text) refers to defsig_general.o(.text) for __default_signal_display
    defsig_pvfn_inner.o(.text) refers to defsig_general.o(.text) for __default_signal_display
    defsig_cppl_inner.o(.text) refers to defsig_general.o(.text) for __default_signal_display
    defsig_segv_inner.o(.text) refers to defsig_general.o(.text) for __default_signal_display
    defsig_other.o(.text) refers to defsig_general.o(.text) for __default_signal_display


==============================================================================

Removing Unused input sections from the image.

    Removing pll.o(i.KM_PLL_Init), (124 bytes).
    Removing myadc.o(i.sys_tick_timer_init), (52 bytes).

2 unused section(s) (total 176 bytes) removed from the image.

==============================================================================

Image Symbol Table

    Local Symbols

    Symbol Name                              Value     Ov Type        Size  Object(Section)

    RESET                                    0x00000000   Section      620  km_startup - copy.o(RESET)
    ../clib/angel/boardlib.s                 0x00000000   Number         0  boardshut.o ABSOLUTE
    ../clib/angel/boardlib.s                 0x00000000   Number         0  boardinit3.o ABSOLUTE
    ../clib/angel/boardlib.s                 0x00000000   Number         0  boardinit2.o ABSOLUTE
    ../clib/angel/boardlib.s                 0x00000000   Number         0  boardinit1.o ABSOLUTE
    ../clib/angel/handlers.s                 0x00000000   Number         0  __scatter_zi.o ABSOLUTE
    ../clib/angel/kernel.s                   0x00000000   Number         0  __rtentry2.o ABSOLUTE
    ../clib/angel/kernel.s                   0x00000000   Number         0  __rtentry4.o ABSOLUTE
    ../clib/angel/kernel.s                   0x00000000   Number         0  rtexit2.o ABSOLUTE
    ../clib/angel/kernel.s                   0x00000000   Number         0  rtexit.o ABSOLUTE
    ../clib/angel/kernel.s                   0x00000000   Number         0  __rtentry.o ABSOLUTE
    ../clib/angel/rt.s                       0x00000000   Number         0  rt_raise.o ABSOLUTE
    ../clib/angel/scatter.s                  0x00000000   Number         0  __scatter.o ABSOLUTE
    ../clib/angel/startup.s                  0x00000000   Number         0  __main.o ABSOLUTE
    ../clib/angel/sys.s                      0x00000000   Number         0  sys_stackheap_outer.o ABSOLUTE
    ../clib/angel/sys.s                      0x00000000   Number         0  use_no_semi.o ABSOLUTE
    ../clib/angel/sys.s                      0x00000000   Number         0  indicate_semi.o ABSOLUTE
    ../clib/angel/sys.s                      0x00000000   Number         0  libspace.o ABSOLUTE
    ../clib/angel/sysapp.c                   0x00000000   Number         0  sys_exit.o ABSOLUTE
    ../clib/angel/sysapp.c                   0x00000000   Number         0  sys_command.o ABSOLUTE
    ../clib/angel/sysapp.c                   0x00000000   Number         0  sys_wrch.o ABSOLUTE
    ../clib/armsys.c                         0x00000000   Number         0  no_argv.o ABSOLUTE
    ../clib/armsys.c                         0x00000000   Number         0  _get_argv_nomalloc.o ABSOLUTE
    ../clib/armsys.c                         0x00000000   Number         0  argv_veneer.o ABSOLUTE
    ../clib/armsys.c                         0x00000000   Number         0  argv_veneer.o ABSOLUTE
    ../clib/heapalloc.c                      0x00000000   Number         0  hrguard.o ABSOLUTE
    ../clib/heapaux.c                        0x00000000   Number         0  heapauxi.o ABSOLUTE
    ../clib/libinit.s                        0x00000000   Number         0  libinit.o ABSOLUTE
    ../clib/libinit.s                        0x00000000   Number         0  libshutdown2.o ABSOLUTE
    ../clib/libinit.s                        0x00000000   Number         0  libinit2.o ABSOLUTE
    ../clib/libinit.s                        0x00000000   Number         0  libshutdown.o ABSOLUTE
    ../clib/signal.c                         0x00000000   Number         0  defsig_fpe_inner.o ABSOLUTE
    ../clib/signal.c                         0x00000000   Number         0  defsig_rtred_inner.o ABSOLUTE
    ../clib/signal.c                         0x00000000   Number         0  defsig_stak_inner.o ABSOLUTE
    ../clib/signal.c                         0x00000000   Number         0  __raise.o ABSOLUTE
    ../clib/signal.c                         0x00000000   Number         0  defsig_rtmem_inner.o ABSOLUTE
    ../clib/signal.c                         0x00000000   Number         0  defsig_pvfn_inner.o ABSOLUTE
    ../clib/signal.c                         0x00000000   Number         0  defsig_cppl_inner.o ABSOLUTE
    ../clib/signal.c                         0x00000000   Number         0  defsig_segv_inner.o ABSOLUTE
    ../clib/signal.c                         0x00000000   Number         0  defsig_exit.o ABSOLUTE
    ../clib/signal.c                         0x00000000   Number         0  defsig_general.o ABSOLUTE
    ../clib/signal.c                         0x00000000   Number         0  defsig_other.o ABSOLUTE
    ../clib/signal.c                         0x00000000   Number         0  defsig_rtmem_formal.o ABSOLUTE
    ../clib/signal.c                         0x00000000   Number         0  defsig_abrt_inner.o ABSOLUTE
    ../clib/signal.c                         0x00000000   Number         0  defsig_rtmem_outer.o ABSOLUTE
    ../clib/signal.s                         0x00000000   Number         0  defsig.o ABSOLUTE
    ../clib/stdlib.c                         0x00000000   Number         0  exit.o ABSOLUTE
    ../fplib/fpinit.s                        0x00000000   Number         0  fpinit.o ABSOLUTE
    dc.s                                     0x00000000   Number         0  dc.o ABSOLUTE
    km_startup - Copy.s                      0x00000000   Number         0  km_startup - copy.o ABSOLUTE
    myADC.c                                  0x00000000   Number         0  myadc.o ABSOLUTE
    pll.c                                    0x00000000   Number         0  pll.o ABSOLUTE
    !!!main                                  0x0000026c   Section        8  __main.o(!!!main)
    !!!scatter                               0x00000274   Section       52  __scatter.o(!!!scatter)
    !!handler_zi                             0x000002a8   Section       28  __scatter_zi.o(!!handler_zi)
    .ARM.Collect$$libinit$$00000000          0x000002c4   Section        2  libinit.o(.ARM.Collect$$libinit$$00000000)
    .ARM.Collect$$libinit$$00000001          0x000002c6   Section        4  libinit2.o(.ARM.Collect$$libinit$$00000001)
    .ARM.Collect$$libinit$$00000004          0x000002ca   Section        0  libinit2.o(.ARM.Collect$$libinit$$00000004)
    .ARM.Collect$$libinit$$0000000A          0x000002ca   Section        0  libinit2.o(.ARM.Collect$$libinit$$0000000A)
    .ARM.Collect$$libinit$$0000000C          0x000002ca   Section        0  libinit2.o(.ARM.Collect$$libinit$$0000000C)
    .ARM.Collect$$libinit$$0000000E          0x000002ca   Section        0  libinit2.o(.ARM.Collect$$libinit$$0000000E)
    .ARM.Collect$$libinit$$00000011          0x000002ca   Section        0  libinit2.o(.ARM.Collect$$libinit$$00000011)
    .ARM.Collect$$libinit$$00000013          0x000002ca   Section        0  libinit2.o(.ARM.Collect$$libinit$$00000013)
    .ARM.Collect$$libinit$$00000015          0x000002ca   Section        0  libinit2.o(.ARM.Collect$$libinit$$00000015)
    .ARM.Collect$$libinit$$00000017          0x000002ca   Section        0  libinit2.o(.ARM.Collect$$libinit$$00000017)
    .ARM.Collect$$libinit$$00000019          0x000002ca   Section        0  libinit2.o(.ARM.Collect$$libinit$$00000019)
    .ARM.Collect$$libinit$$0000001B          0x000002ca   Section        0  libinit2.o(.ARM.Collect$$libinit$$0000001B)
    .ARM.Collect$$libinit$$0000001D          0x000002ca   Section        0  libinit2.o(.ARM.Collect$$libinit$$0000001D)
    .ARM.Collect$$libinit$$0000001F          0x000002ca   Section        0  libinit2.o(.ARM.Collect$$libinit$$0000001F)
    .ARM.Collect$$libinit$$00000021          0x000002ca   Section        0  libinit2.o(.ARM.Collect$$libinit$$00000021)
    .ARM.Collect$$libinit$$00000023          0x000002ca   Section        0  libinit2.o(.ARM.Collect$$libinit$$00000023)
    .ARM.Collect$$libinit$$00000025          0x000002ca   Section        0  libinit2.o(.ARM.Collect$$libinit$$00000025)
    .ARM.Collect$$libinit$$0000002C          0x000002ca   Section        0  libinit2.o(.ARM.Collect$$libinit$$0000002C)
    .ARM.Collect$$libinit$$0000002E          0x000002ca   Section        0  libinit2.o(.ARM.Collect$$libinit$$0000002E)
    .ARM.Collect$$libinit$$00000030          0x000002ca   Section        0  libinit2.o(.ARM.Collect$$libinit$$00000030)
    .ARM.Collect$$libinit$$00000032          0x000002ca   Section        0  libinit2.o(.ARM.Collect$$libinit$$00000032)
    .ARM.Collect$$libinit$$00000033          0x000002ca   Section        2  libinit2.o(.ARM.Collect$$libinit$$00000033)
    .ARM.Collect$$libshutdown$$00000000      0x000002cc   Section        2  libshutdown.o(.ARM.Collect$$libshutdown$$00000000)
    .ARM.Collect$$libshutdown$$00000002      0x000002ce   Section        0  libshutdown2.o(.ARM.Collect$$libshutdown$$00000002)
    .ARM.Collect$$libshutdown$$00000004      0x000002ce   Section        0  libshutdown2.o(.ARM.Collect$$libshutdown$$00000004)
    .ARM.Collect$$libshutdown$$00000007      0x000002ce   Section        0  libshutdown2.o(.ARM.Collect$$libshutdown$$00000007)
    .ARM.Collect$$libshutdown$$0000000A      0x000002ce   Section        0  libshutdown2.o(.ARM.Collect$$libshutdown$$0000000A)
    .ARM.Collect$$libshutdown$$0000000C      0x000002ce   Section        0  libshutdown2.o(.ARM.Collect$$libshutdown$$0000000C)
    .ARM.Collect$$libshutdown$$0000000F      0x000002ce   Section        0  libshutdown2.o(.ARM.Collect$$libshutdown$$0000000F)
    .ARM.Collect$$libshutdown$$00000010      0x000002ce   Section        2  libshutdown2.o(.ARM.Collect$$libshutdown$$00000010)
    .ARM.Collect$$rtentry$$00000000          0x000002d0   Section        0  __rtentry.o(.ARM.Collect$$rtentry$$00000000)
    .ARM.Collect$$rtentry$$00000002          0x000002d0   Section        0  __rtentry2.o(.ARM.Collect$$rtentry$$00000002)
    .ARM.Collect$$rtentry$$00000004          0x000002d0   Section        6  __rtentry4.o(.ARM.Collect$$rtentry$$00000004)
    .ARM.Collect$$rtentry$$00000009          0x000002d6   Section        0  __rtentry2.o(.ARM.Collect$$rtentry$$00000009)
    .ARM.Collect$$rtentry$$0000000A          0x000002d6   Section        4  __rtentry2.o(.ARM.Collect$$rtentry$$0000000A)
    .ARM.Collect$$rtentry$$0000000C          0x000002da   Section        0  __rtentry2.o(.ARM.Collect$$rtentry$$0000000C)
    .ARM.Collect$$rtentry$$0000000D          0x000002da   Section        8  __rtentry2.o(.ARM.Collect$$rtentry$$0000000D)
    .ARM.Collect$$rtexit$$00000000           0x000002e2   Section        2  rtexit.o(.ARM.Collect$$rtexit$$00000000)
    .ARM.Collect$$rtexit$$00000002           0x000002e4   Section        0  rtexit2.o(.ARM.Collect$$rtexit$$00000002)
    .ARM.Collect$$rtexit$$00000003           0x000002e4   Section        4  rtexit2.o(.ARM.Collect$$rtexit$$00000003)
    .ARM.Collect$$rtexit$$00000004           0x000002e8   Section        6  rtexit2.o(.ARM.Collect$$rtexit$$00000004)
    .text                                    0x000002f0   Section      292  km_startup - copy.o(.text)
    $v0                                      0x000002f0   Number         0  km_startup - copy.o(.text)
    .text                                    0x00000414   Section        0  heapauxi.o(.text)
    .text                                    0x0000041a   Section       74  sys_stackheap_outer.o(.text)
    .text                                    0x00000464   Section        0  exit.o(.text)
    .text                                    0x00000478   Section        8  libspace.o(.text)
    .text                                    0x00000480   Section        0  sys_exit.o(.text)
    .text                                    0x0000048c   Section        2  use_no_semi.o(.text)
    .text                                    0x0000048e   Section        0  indicate_semi.o(.text)
    i.ADC_Init                               0x0000048e   Section        0  myadc.o(i.ADC_Init)
    i.PORT_E_Init                            0x00000490   Section        0  myadc.o(i.PORT_E_Init)
    i.main                                   0x000004e4   Section        0  myadc.o(i.main)
    x$fpl$fpinit                             0x000004f2   Section       10  fpinit.o(x$fpl$fpinit)
    $v0                                      0x000004f2   Number         0  fpinit.o(x$fpl$fpinit)
    .bss                                     0x20000000   Section       96  libspace.o(.bss)
    HEAP                                     0x20000060   Section        0  km_startup - copy.o(HEAP)
    STACK                                    0x20000060   Section      512  km_startup - copy.o(STACK)
    Heap_Mem                                 0x20000060   Data           0  km_startup - copy.o(HEAP)
    Stack_Mem                                0x20000060   Data         512  km_startup - copy.o(STACK)
    __initial_sp                             0x20000260   Data           0  km_startup - copy.o(STACK)

    Global Symbols

    Symbol Name                              Value     Ov Type        Size  Object(Section)

    BuildAttributes$$THM_ISAv4$E$P$D$K$B$S$7EM$VFPi3$EXTD16$VFPS$VFMA$PE$A:L22UL41UL21$X:L11$S22US41US21$IEEE1$IW$USESV6$~STKCKD$USESV7$~SHL$OSPACE$ROPI$EBA8$UX$STANDARDLIB$REQ8$PRES8$EABIv2 0x00000000   Number         0  anon$$obj.o ABSOLUTE
    __ARM_use_no_argv                        0x00000000   Number         0  myadc.o ABSOLUTE
    __Vectors                                0x00000000   Data           4  km_startup - copy.o(RESET)
    __ARM_exceptions_init                     - Undefined Weak Reference
    __alloca_initialize                       - Undefined Weak Reference
    __arm_preinit_                            - Undefined Weak Reference
    __cpp_initialize__aeabi_                  - Undefined Weak Reference
    __cxa_finalize                            - Undefined Weak Reference
    __rt_locale                               - Undefined Weak Reference
    __sigvec_lookup                           - Undefined Weak Reference
    _atexit_init                              - Undefined Weak Reference
    _call_atexit_fns                          - Undefined Weak Reference
    _clock_init                               - Undefined Weak Reference
    _fp_trap_init                             - Undefined Weak Reference
    _fp_trap_shutdown                         - Undefined Weak Reference
    _get_lc_collate                           - Undefined Weak Reference
    _get_lc_ctype                             - Undefined Weak Reference
    _get_lc_monetary                          - Undefined Weak Reference
    _get_lc_numeric                           - Undefined Weak Reference
    _get_lc_time                              - Undefined Weak Reference
    _getenv_init                              - Undefined Weak Reference
    _handle_redirection                       - Undefined Weak Reference
    _init_alloc                               - Undefined Weak Reference
    _init_user_alloc                          - Undefined Weak Reference
    _initio                                   - Undefined Weak Reference
    _rand_init                                - Undefined Weak Reference
    _signal_finish                            - Undefined Weak Reference
    _signal_init                              - Undefined Weak Reference
    _terminate_alloc                          - Undefined Weak Reference
    _terminate_user_alloc                     - Undefined Weak Reference
    _terminateio                              - Undefined Weak Reference
    __Vectors_End                            0x0000026c   Data           0  km_startup - copy.o(RESET)
    __Vectors_Size                           0x0000026c   Number         0  km_startup - copy.o ABSOLUTE
    __main                                   0x0000026d   Thumb Code     8  __main.o(!!!main)
    __scatterload                            0x00000275   Thumb Code     0  __scatter.o(!!!scatter)
    __scatterload_rt2                        0x00000275   Thumb Code    44  __scatter.o(!!!scatter)
    __scatterload_rt2_thumb_only             0x00000275   Thumb Code     0  __scatter.o(!!!scatter)
    __scatterload_null                       0x00000283   Thumb Code     0  __scatter.o(!!!scatter)
    __scatterload_zeroinit                   0x000002a9   Thumb Code    28  __scatter_zi.o(!!handler_zi)
    __rt_lib_init                            0x000002c5   Thumb Code     0  libinit.o(.ARM.Collect$$libinit$$00000000)
    __rt_lib_init_fp_1                       0x000002c7   Thumb Code     0  libinit2.o(.ARM.Collect$$libinit$$00000001)
    __rt_lib_init_alloca_1                   0x000002cb   Thumb Code     0  libinit2.o(.ARM.Collect$$libinit$$0000002E)
    __rt_lib_init_argv_1                     0x000002cb   Thumb Code     0  libinit2.o(.ARM.Collect$$libinit$$0000002C)
    __rt_lib_init_atexit_1                   0x000002cb   Thumb Code     0  libinit2.o(.ARM.Collect$$libinit$$0000001B)
    __rt_lib_init_clock_1                    0x000002cb   Thumb Code     0  libinit2.o(.ARM.Collect$$libinit$$00000021)
    __rt_lib_init_cpp_1                      0x000002cb   Thumb Code     0  libinit2.o(.ARM.Collect$$libinit$$00000032)
    __rt_lib_init_exceptions_1               0x000002cb   Thumb Code     0  libinit2.o(.ARM.Collect$$libinit$$00000030)
    __rt_lib_init_fp_trap_1                  0x000002cb   Thumb Code     0  libinit2.o(.ARM.Collect$$libinit$$0000001F)
    __rt_lib_init_getenv_1                   0x000002cb   Thumb Code     0  libinit2.o(.ARM.Collect$$libinit$$00000023)
    __rt_lib_init_heap_1                     0x000002cb   Thumb Code     0  libinit2.o(.ARM.Collect$$libinit$$0000000A)
    __rt_lib_init_lc_collate_1               0x000002cb   Thumb Code     0  libinit2.o(.ARM.Collect$$libinit$$00000011)
    __rt_lib_init_lc_ctype_1                 0x000002cb   Thumb Code     0  libinit2.o(.ARM.Collect$$libinit$$00000013)
    __rt_lib_init_lc_monetary_1              0x000002cb   Thumb Code     0  libinit2.o(.ARM.Collect$$libinit$$00000015)
    __rt_lib_init_lc_numeric_1               0x000002cb   Thumb Code     0  libinit2.o(.ARM.Collect$$libinit$$00000017)
    __rt_lib_init_lc_time_1                  0x000002cb   Thumb Code     0  libinit2.o(.ARM.Collect$$libinit$$00000019)
    __rt_lib_init_preinit_1                  0x000002cb   Thumb Code     0  libinit2.o(.ARM.Collect$$libinit$$00000004)
    __rt_lib_init_rand_1                     0x000002cb   Thumb Code     0  libinit2.o(.ARM.Collect$$libinit$$0000000E)
    __rt_lib_init_return                     0x000002cb   Thumb Code     0  libinit2.o(.ARM.Collect$$libinit$$00000033)
    __rt_lib_init_signal_1                   0x000002cb   Thumb Code     0  libinit2.o(.ARM.Collect$$libinit$$0000001D)
    __rt_lib_init_stdio_1                    0x000002cb   Thumb Code     0  libinit2.o(.ARM.Collect$$libinit$$00000025)
    __rt_lib_init_user_alloc_1               0x000002cb   Thumb Code     0  libinit2.o(.ARM.Collect$$libinit$$0000000C)
    __rt_lib_shutdown                        0x000002cd   Thumb Code     0  libshutdown.o(.ARM.Collect$$libshutdown$$00000000)
    __rt_lib_shutdown_cpp_1                  0x000002cf   Thumb Code     0  libshutdown2.o(.ARM.Collect$$libshutdown$$00000002)
    __rt_lib_shutdown_fp_trap_1              0x000002cf   Thumb Code     0  libshutdown2.o(.ARM.Collect$$libshutdown$$00000007)
    __rt_lib_shutdown_heap_1                 0x000002cf   Thumb Code     0  libshutdown2.o(.ARM.Collect$$libshutdown$$0000000F)
    __rt_lib_shutdown_return                 0x000002cf   Thumb Code     0  libshutdown2.o(.ARM.Collect$$libshutdown$$00000010)
    __rt_lib_shutdown_signal_1               0x000002cf   Thumb Code     0  libshutdown2.o(.ARM.Collect$$libshutdown$$0000000A)
    __rt_lib_shutdown_stdio_1                0x000002cf   Thumb Code     0  libshutdown2.o(.ARM.Collect$$libshutdown$$00000004)
    __rt_lib_shutdown_user_alloc_1           0x000002cf   Thumb Code     0  libshutdown2.o(.ARM.Collect$$libshutdown$$0000000C)
    __rt_entry                               0x000002d1   Thumb Code     0  __rtentry.o(.ARM.Collect$$rtentry$$00000000)
    __rt_entry_presh_1                       0x000002d1   Thumb Code     0  __rtentry2.o(.ARM.Collect$$rtentry$$00000002)
    __rt_entry_sh                            0x000002d1   Thumb Code     0  __rtentry4.o(.ARM.Collect$$rtentry$$00000004)
    __rt_entry_li                            0x000002d7   Thumb Code     0  __rtentry2.o(.ARM.Collect$$rtentry$$0000000A)
    __rt_entry_postsh_1                      0x000002d7   Thumb Code     0  __rtentry2.o(.ARM.Collect$$rtentry$$00000009)
    __rt_entry_main                          0x000002db   Thumb Code     0  __rtentry2.o(.ARM.Collect$$rtentry$$0000000D)
    __rt_entry_postli_1                      0x000002db   Thumb Code     0  __rtentry2.o(.ARM.Collect$$rtentry$$0000000C)
    __rt_exit                                0x000002e3   Thumb Code     0  rtexit.o(.ARM.Collect$$rtexit$$00000000)
    __rt_exit_ls                             0x000002e5   Thumb Code     0  rtexit2.o(.ARM.Collect$$rtexit$$00000003)
    __rt_exit_prels_1                        0x000002e5   Thumb Code     0  rtexit2.o(.ARM.Collect$$rtexit$$00000002)
    __rt_exit_exit                           0x000002e9   Thumb Code     0  rtexit2.o(.ARM.Collect$$rtexit$$00000004)
    DisableInterrupts                        0x000002f1   Thumb Code     0  km_startup - copy.o(.text)
    EnableInterrupts                         0x000002f5   Thumb Code     0  km_startup - copy.o(.text)
    StartCritical                            0x000002f9   Thumb Code     0  km_startup - copy.o(.text)
    EndCritical                              0x00000301   Thumb Code     0  km_startup - copy.o(.text)
    WaitForInterrupt                         0x00000307   Thumb Code     0  km_startup - copy.o(.text)
    Reset_Handler                            0x0000030b   Thumb Code     4  km_startup - copy.o(.text)
    NMI_Handler                              0x0000030f   Thumb Code     2  km_startup - copy.o(.text)
    HardFault_Handler                        0x00000311   Thumb Code     2  km_startup - copy.o(.text)
    MemManage_Handler                        0x00000313   Thumb Code     2  km_startup - copy.o(.text)
    BusFault_Handler                         0x00000315   Thumb Code     2  km_startup - copy.o(.text)
    UsageFault_Handler                       0x00000317   Thumb Code     2  km_startup - copy.o(.text)
    SVC_Handler                              0x00000319   Thumb Code     2  km_startup - copy.o(.text)
    DebugMon_Handler                         0x0000031b   Thumb Code     2  km_startup - copy.o(.text)
    PendSV_Handler                           0x0000031d   Thumb Code     2  km_startup - copy.o(.text)
    SysTick_Handler                          0x0000031f   Thumb Code     2  km_startup - copy.o(.text)
    GPIOA_Handler                            0x00000321   Thumb Code     2  km_startup - copy.o(.text)
    GPIOB_Handler                            0x00000323   Thumb Code     2  km_startup - copy.o(.text)
    GPIOC_Handler                            0x00000325   Thumb Code     2  km_startup - copy.o(.text)
    GPIOD_Handler                            0x00000327   Thumb Code     2  km_startup - copy.o(.text)
    GPIOE_Handler                            0x00000329   Thumb Code     2  km_startup - copy.o(.text)
    UART0_Handler                            0x0000032b   Thumb Code     2  km_startup - copy.o(.text)
    UART1_Handler                            0x0000032d   Thumb Code     2  km_startup - copy.o(.text)
    SSI0_Handler                             0x0000032f   Thumb Code     2  km_startup - copy.o(.text)
    I2C0_Handler                             0x00000331   Thumb Code     2  km_startup - copy.o(.text)
    PMW0_FAULT_Handler                       0x00000333   Thumb Code     2  km_startup - copy.o(.text)
    PWM0_0_Handler                           0x00000335   Thumb Code     2  km_startup - copy.o(.text)
    PWM0_1_Handler                           0x00000337   Thumb Code     2  km_startup - copy.o(.text)
    PWM0_2_Handler                           0x00000339   Thumb Code     2  km_startup - copy.o(.text)
    QEI0_Handler                             0x0000033b   Thumb Code     2  km_startup - copy.o(.text)
    ADC0SS0_Handler                          0x0000033d   Thumb Code     2  km_startup - copy.o(.text)
    ADC0SS1_Handler                          0x0000033f   Thumb Code     2  km_startup - copy.o(.text)
    ADC0SS2_Handler                          0x00000341   Thumb Code     2  km_startup - copy.o(.text)
    ADC0SS3_Handler                          0x00000343   Thumb Code     2  km_startup - copy.o(.text)
    WDT0_Handler                             0x00000345   Thumb Code     2  km_startup - copy.o(.text)
    TIMER0A_Handler                          0x00000347   Thumb Code     2  km_startup - copy.o(.text)
    TIMER0B_Handler                          0x00000349   Thumb Code     2  km_startup - copy.o(.text)
    TIMER1A_Handler                          0x0000034b   Thumb Code     2  km_startup - copy.o(.text)
    TIMER1B_Handler                          0x0000034d   Thumb Code     2  km_startup - copy.o(.text)
    TIMER2A_Handler                          0x0000034f   Thumb Code     2  km_startup - copy.o(.text)
    TIMER2B_Handler                          0x00000351   Thumb Code     2  km_startup - copy.o(.text)
    COMP0_Handler                            0x00000353   Thumb Code     2  km_startup - copy.o(.text)
    COMP1_Handler                            0x00000355   Thumb Code     2  km_startup - copy.o(.text)
    COMP2_Handler                            0x00000357   Thumb Code     2  km_startup - copy.o(.text)
    SYSCTL_Handler                           0x00000359   Thumb Code     2  km_startup - copy.o(.text)
    FLASH_Handler                            0x0000035b   Thumb Code     2  km_startup - copy.o(.text)
    GPIOF_Handler                            0x0000035d   Thumb Code     2  km_startup - copy.o(.text)
    GPIOG_Handler                            0x0000035f   Thumb Code     2  km_startup - copy.o(.text)
    GPIOH_Handler                            0x00000361   Thumb Code     2  km_startup - copy.o(.text)
    UART2_Handler                            0x00000363   Thumb Code     2  km_startup - copy.o(.text)
    SSI1_Handler                             0x00000365   Thumb Code     2  km_startup - copy.o(.text)
    TIMER3A_Handler                          0x00000367   Thumb Code     2  km_startup - copy.o(.text)
    TIMER3B_Handler                          0x00000369   Thumb Code     2  km_startup - copy.o(.text)
    I2C1_Handler                             0x0000036b   Thumb Code     2  km_startup - copy.o(.text)
    QEI1_Handler                             0x0000036d   Thumb Code     2  km_startup - copy.o(.text)
    CAN0_Handler                             0x0000036f   Thumb Code     2  km_startup - copy.o(.text)
    CAN1_Handler                             0x00000371   Thumb Code     2  km_startup - copy.o(.text)
    CAN2_Handler                             0x00000373   Thumb Code     2  km_startup - copy.o(.text)
    HIB_Handler                              0x00000375   Thumb Code     2  km_startup - copy.o(.text)
    USB0_Handler                             0x00000377   Thumb Code     2  km_startup - copy.o(.text)
    PWM0_3_Handler                           0x00000379   Thumb Code     2  km_startup - copy.o(.text)
    UDMA_Handler                             0x0000037b   Thumb Code     2  km_startup - copy.o(.text)
    UDMAERR_Handler                          0x0000037d   Thumb Code     2  km_startup - copy.o(.text)
    ADC1SS0_Handler                          0x0000037f   Thumb Code     2  km_startup - copy.o(.text)
    ADC1SS1_Handler                          0x00000381   Thumb Code     2  km_startup - copy.o(.text)
    ADC1SS2_Handler                          0x00000383   Thumb Code     2  km_startup - copy.o(.text)
    ADC1SS3_Handler                          0x00000385   Thumb Code     2  km_startup - copy.o(.text)
    GPIOJ_Handler                            0x00000387   Thumb Code     2  km_startup - copy.o(.text)
    GPIOK_Handler                            0x00000389   Thumb Code     2  km_startup - copy.o(.text)
    GPIOL_Handler                            0x0000038b   Thumb Code     2  km_startup - copy.o(.text)
    SSI2_Handler                             0x0000038d   Thumb Code     2  km_startup - copy.o(.text)
    SSI3_Handler                             0x0000038f   Thumb Code     2  km_startup - copy.o(.text)
    UART3_Handler                            0x00000391   Thumb Code     2  km_startup - copy.o(.text)
    UART4_Handler                            0x00000393   Thumb Code     2  km_startup - copy.o(.text)
    UART5_Handler                            0x00000395   Thumb Code     2  km_startup - copy.o(.text)
    UART6_Handler                            0x00000397   Thumb Code     2  km_startup - copy.o(.text)
    UART7_Handler                            0x00000399   Thumb Code     2  km_startup - copy.o(.text)
    I2C2_Handler                             0x0000039b   Thumb Code     2  km_startup - copy.o(.text)
    I2C3_Handler                             0x0000039d   Thumb Code     2  km_startup - copy.o(.text)
    TIMER4A_Handler                          0x0000039f   Thumb Code     2  km_startup - copy.o(.text)
    TIMER4B_Handler                          0x000003a1   Thumb Code     2  km_startup - copy.o(.text)
    TIMER5A_Handler                          0x000003a3   Thumb Code     2  km_startup - copy.o(.text)
    TIMER5B_Handler                          0x000003a5   Thumb Code     2  km_startup - copy.o(.text)
    WTIMER0A_Handler                         0x000003a7   Thumb Code     2  km_startup - copy.o(.text)
    WTIMER0B_Handler                         0x000003a9   Thumb Code     2  km_startup - copy.o(.text)
    WTIMER1A_Handler                         0x000003ab   Thumb Code     2  km_startup - copy.o(.text)
    WTIMER1B_Handler                         0x000003ad   Thumb Code     2  km_startup - copy.o(.text)
    WTIMER2A_Handler                         0x000003af   Thumb Code     2  km_startup - copy.o(.text)
    WTIMER2B_Handler                         0x000003b1   Thumb Code     2  km_startup - copy.o(.text)
    WTIMER3A_Handler                         0x000003b3   Thumb Code     2  km_startup - copy.o(.text)
    WTIMER3B_Handler                         0x000003b5   Thumb Code     2  km_startup - copy.o(.text)
    WTIMER4A_Handler                         0x000003b7   Thumb Code     2  km_startup - copy.o(.text)
    WTIMER4B_Handler                         0x000003b9   Thumb Code     2  km_startup - copy.o(.text)
    WTIMER5A_Handler                         0x000003bb   Thumb Code     2  km_startup - copy.o(.text)
    WTIMER5B_Handler                         0x000003bd   Thumb Code     2  km_startup - copy.o(.text)
    FPU_Handler                              0x000003bf   Thumb Code     2  km_startup - copy.o(.text)
    I2C4_Handler                             0x000003c1   Thumb Code     2  km_startup - copy.o(.text)
    I2C5_Handler                             0x000003c3   Thumb Code     2  km_startup - copy.o(.text)
    GPIOM_Handler                            0x000003c5   Thumb Code     2  km_startup - copy.o(.text)
    GPION_Handler                            0x000003c7   Thumb Code     2  km_startup - copy.o(.text)
    QEI2_Handler                             0x000003c9   Thumb Code     2  km_startup - copy.o(.text)
    GPIOP0_Handler                           0x000003cb   Thumb Code     2  km_startup - copy.o(.text)
    GPIOP1_Handler                           0x000003cd   Thumb Code     2  km_startup - copy.o(.text)
    GPIOP2_Handler                           0x000003cf   Thumb Code     2  km_startup - copy.o(.text)
    GPIOP3_Handler                           0x000003d1   Thumb Code     2  km_startup - copy.o(.text)
    GPIOP4_Handler                           0x000003d3   Thumb Code     2  km_startup - copy.o(.text)
    GPIOP5_Handler                           0x000003d5   Thumb Code     2  km_startup - copy.o(.text)
    GPIOP6_Handler                           0x000003d7   Thumb Code     2  km_startup - copy.o(.text)
    GPIOP7_Handler                           0x000003d9   Thumb Code     2  km_startup - copy.o(.text)
    GPIOQ0_Handler                           0x000003db   Thumb Code     2  km_startup - copy.o(.text)
    GPIOQ1_Handler                           0x000003dd   Thumb Code     2  km_startup - copy.o(.text)
    GPIOQ2_Handler                           0x000003df   Thumb Code     2  km_startup - copy.o(.text)
    GPIOQ3_Handler                           0x000003e1   Thumb Code     2  km_startup - copy.o(.text)
    GPIOQ4_Handler                           0x000003e3   Thumb Code     2  km_startup - copy.o(.text)
    GPIOQ5_Handler                           0x000003e5   Thumb Code     2  km_startup - copy.o(.text)
    GPIOQ6_Handler                           0x000003e7   Thumb Code     2  km_startup - copy.o(.text)
    GPIOQ7_Handler                           0x000003e9   Thumb Code     2  km_startup - copy.o(.text)
    GPIOR_Handler                            0x000003eb   Thumb Code     2  km_startup - copy.o(.text)
    GPIOS_Handler                            0x000003ed   Thumb Code     2  km_startup - copy.o(.text)
    PMW1_0_Handler                           0x000003ef   Thumb Code     2  km_startup - copy.o(.text)
    PWM1_1_Handler                           0x000003f1   Thumb Code     2  km_startup - copy.o(.text)
    PWM1_2_Handler                           0x000003f3   Thumb Code     2  km_startup - copy.o(.text)
    PWM1_3_Handler                           0x000003f5   Thumb Code     2  km_startup - copy.o(.text)
    PWM1_FAULT_Handler                       0x000003f7   Thumb Code     2  km_startup - copy.o(.text)
    __user_initial_stackheap                 0x000003f9   Thumb Code     0  km_startup - copy.o(.text)
    __use_two_region_memory                  0x00000415   Thumb Code     2  heapauxi.o(.text)
    __rt_heap_escrow$2region                 0x00000417   Thumb Code     2  heapauxi.o(.text)
    __rt_heap_expand$2region                 0x00000419   Thumb Code     2  heapauxi.o(.text)
    __user_setup_stackheap                   0x0000041b   Thumb Code    74  sys_stackheap_outer.o(.text)
    exit                                     0x00000465   Thumb Code    18  exit.o(.text)
    __user_libspace                          0x00000479   Thumb Code     8  libspace.o(.text)
    __user_perproc_libspace                  0x00000479   Thumb Code     0  libspace.o(.text)
    __user_perthread_libspace                0x00000479   Thumb Code     0  libspace.o(.text)
    _sys_exit                                0x00000481   Thumb Code     8  sys_exit.o(.text)
    __I$use$semihosting                      0x0000048d   Thumb Code     0  use_no_semi.o(.text)
    __use_no_semihosting_swi                 0x0000048d   Thumb Code     2  use_no_semi.o(.text)
    ADC_Init                                 0x0000048f   Thumb Code     2  myadc.o(i.ADC_Init)
    __semihosting_library_function           0x0000048f   Thumb Code     0  indicate_semi.o(.text)
    PORT_E_Init                              0x00000491   Thumb Code    68  myadc.o(i.PORT_E_Init)
    main                                     0x000004e5   Thumb Code    14  myadc.o(i.main)
    _fp_init                                 0x000004f3   Thumb Code    10  fpinit.o(x$fpl$fpinit)
    __fplib_config_fpu_vfp                   0x000004fb   Thumb Code     0  fpinit.o(x$fpl$fpinit)
    __fplib_config_pureend_doubles           0x000004fb   Thumb Code     0  fpinit.o(x$fpl$fpinit)
    Region$$Table$$Base                      0x000004fc   Number         0  anon$$obj.o(Region$$Table)
    Region$$Table$$Limit                     0x0000050c   Number         0  anon$$obj.o(Region$$Table)
    __libspace_start                         0x20000000   Data          96  libspace.o(.bss)
    __temporary_stack_top$libspace           0x20000060   Data           0  libspace.o(.bss)



==============================================================================

Memory Map of the image

  Image Entry point : 0x0000030b

  Load Region LR_1 (Base: 0x00000000, Size: 0x0000050c, Max: 0xffffffff, ABSOLUTE)

    Execution Region ER_RO (Base: 0x00000000, Size: 0x0000050c, Max: 0xffffffff, ABSOLUTE)

    Base Addr    Size         Type   Attr      Idx    E Section Name        Object

    0x00000000   0x0000026c   Data   RO           23    RESET               km_startup - copy.o
    0x0000026c   0x00000008   Code   RO           66  * !!!main             c_w.l(__main.o)
    0x00000274   0x00000034   Code   RO          223    !!!scatter          c_w.l(__scatter.o)
    0x000002a8   0x0000001c   Code   RO          225    !!handler_zi        c_w.l(__scatter_zi.o)
    0x000002c4   0x00000002   Code   RO           93    .ARM.Collect$$libinit$$00000000  c_w.l(libinit.o)
    0x000002c6   0x00000004   Code   RO           99    .ARM.Collect$$libinit$$00000001  c_w.l(libinit2.o)
    0x000002ca   0x00000000   Code   RO          102    .ARM.Collect$$libinit$$00000004  c_w.l(libinit2.o)
    0x000002ca   0x00000000   Code   RO          105    .ARM.Collect$$libinit$$0000000A  c_w.l(libinit2.o)
    0x000002ca   0x00000000   Code   RO          107    .ARM.Collect$$libinit$$0000000C  c_w.l(libinit2.o)
    0x000002ca   0x00000000   Code   RO          109    .ARM.Collect$$libinit$$0000000E  c_w.l(libinit2.o)
    0x000002ca   0x00000000   Code   RO          112    .ARM.Collect$$libinit$$00000011  c_w.l(libinit2.o)
    0x000002ca   0x00000000   Code   RO          114    .ARM.Collect$$libinit$$00000013  c_w.l(libinit2.o)
    0x000002ca   0x00000000   Code   RO          116    .ARM.Collect$$libinit$$00000015  c_w.l(libinit2.o)
    0x000002ca   0x00000000   Code   RO          118    .ARM.Collect$$libinit$$00000017  c_w.l(libinit2.o)
    0x000002ca   0x00000000   Code   RO          120    .ARM.Collect$$libinit$$00000019  c_w.l(libinit2.o)
    0x000002ca   0x00000000   Code   RO          122    .ARM.Collect$$libinit$$0000001B  c_w.l(libinit2.o)
    0x000002ca   0x00000000   Code   RO          124    .ARM.Collect$$libinit$$0000001D  c_w.l(libinit2.o)
    0x000002ca   0x00000000   Code   RO          126    .ARM.Collect$$libinit$$0000001F  c_w.l(libinit2.o)
    0x000002ca   0x00000000   Code   RO          128    .ARM.Collect$$libinit$$00000021  c_w.l(libinit2.o)
    0x000002ca   0x00000000   Code   RO          130    .ARM.Collect$$libinit$$00000023  c_w.l(libinit2.o)
    0x000002ca   0x00000000   Code   RO          132    .ARM.Collect$$libinit$$00000025  c_w.l(libinit2.o)
    0x000002ca   0x00000000   Code   RO          136    .ARM.Collect$$libinit$$0000002C  c_w.l(libinit2.o)
    0x000002ca   0x00000000   Code   RO          138    .ARM.Collect$$libinit$$0000002E  c_w.l(libinit2.o)
    0x000002ca   0x00000000   Code   RO          140    .ARM.Collect$$libinit$$00000030  c_w.l(libinit2.o)
    0x000002ca   0x00000000   Code   RO          142    .ARM.Collect$$libinit$$00000032  c_w.l(libinit2.o)
    0x000002ca   0x00000002   Code   RO          143    .ARM.Collect$$libinit$$00000033  c_w.l(libinit2.o)
    0x000002cc   0x00000002   Code   RO          163    .ARM.Collect$$libshutdown$$00000000  c_w.l(libshutdown.o)
    0x000002ce   0x00000000   Code   RO          176    .ARM.Collect$$libshutdown$$00000002  c_w.l(libshutdown2.o)
    0x000002ce   0x00000000   Code   RO          178    .ARM.Collect$$libshutdown$$00000004  c_w.l(libshutdown2.o)
    0x000002ce   0x00000000   Code   RO          181    .ARM.Collect$$libshutdown$$00000007  c_w.l(libshutdown2.o)
    0x000002ce   0x00000000   Code   RO          184    .ARM.Collect$$libshutdown$$0000000A  c_w.l(libshutdown2.o)
    0x000002ce   0x00000000   Code   RO          186    .ARM.Collect$$libshutdown$$0000000C  c_w.l(libshutdown2.o)
    0x000002ce   0x00000000   Code   RO          189    .ARM.Collect$$libshutdown$$0000000F  c_w.l(libshutdown2.o)
    0x000002ce   0x00000002   Code   RO          190    .ARM.Collect$$libshutdown$$00000010  c_w.l(libshutdown2.o)
    0x000002d0   0x00000000   Code   RO           68    .ARM.Collect$$rtentry$$00000000  c_w.l(__rtentry.o)
    0x000002d0   0x00000000   Code   RO           70    .ARM.Collect$$rtentry$$00000002  c_w.l(__rtentry2.o)
    0x000002d0   0x00000006   Code   RO           82    .ARM.Collect$$rtentry$$00000004  c_w.l(__rtentry4.o)
    0x000002d6   0x00000000   Code   RO           72    .ARM.Collect$$rtentry$$00000009  c_w.l(__rtentry2.o)
    0x000002d6   0x00000004   Code   RO           73    .ARM.Collect$$rtentry$$0000000A  c_w.l(__rtentry2.o)
    0x000002da   0x00000000   Code   RO           75    .ARM.Collect$$rtentry$$0000000C  c_w.l(__rtentry2.o)
    0x000002da   0x00000008   Code   RO           76    .ARM.Collect$$rtentry$$0000000D  c_w.l(__rtentry2.o)
    0x000002e2   0x00000002   Code   RO           97    .ARM.Collect$$rtexit$$00000000  c_w.l(rtexit.o)
    0x000002e4   0x00000000   Code   RO          145    .ARM.Collect$$rtexit$$00000002  c_w.l(rtexit2.o)
    0x000002e4   0x00000004   Code   RO          146    .ARM.Collect$$rtexit$$00000003  c_w.l(rtexit2.o)
    0x000002e8   0x00000006   Code   RO          147    .ARM.Collect$$rtexit$$00000004  c_w.l(rtexit2.o)
    0x000002ee   0x00000002   PAD
    0x000002f0   0x00000124   Code   RO           24  * .text               km_startup - copy.o
    0x00000414   0x00000006   Code   RO           64    .text               c_w.l(heapauxi.o)
    0x0000041a   0x0000004a   Code   RO           84    .text               c_w.l(sys_stackheap_outer.o)
    0x00000464   0x00000012   Code   RO           86    .text               c_w.l(exit.o)
    0x00000476   0x00000002   PAD
    0x00000478   0x00000008   Code   RO           94    .text               c_w.l(libspace.o)
    0x00000480   0x0000000c   Code   RO          155    .text               c_w.l(sys_exit.o)
    0x0000048c   0x00000002   Code   RO          166    .text               c_w.l(use_no_semi.o)
    0x0000048e   0x00000000   Code   RO          168    .text               c_w.l(indicate_semi.o)
    0x0000048e   0x00000002   Code   RO           29    i.ADC_Init          myadc.o
    0x00000490   0x00000054   Code   RO           30    i.PORT_E_Init       myadc.o
    0x000004e4   0x0000000e   Code   RO           31    i.main              myadc.o
    0x000004f2   0x0000000a   Code   RO          153    x$fpl$fpinit        fz_wm.l(fpinit.o)
    0x000004fc   0x00000010   Data   RO          221    Region$$Table       anon$$obj.o


    Execution Region ER_RW (Base: 0x20000000, Size: 0x00000000, Max: 0xffffffff, ABSOLUTE)

    **** No section assigned to this execution region ****


    Execution Region ER_ZI (Base: 0x20000000, Size: 0x00000260, Max: 0xffffffff, ABSOLUTE)

    Base Addr    Size         Type   Attr      Idx    E Section Name        Object

    0x20000000   0x00000060   Zero   RW           95    .bss                c_w.l(libspace.o)
    0x20000060   0x00000000   Zero   RW           22    HEAP                km_startup - copy.o
    0x20000060   0x00000200   Zero   RW           21    STACK               km_startup - copy.o


==============================================================================

Image component sizes


      Code (inc. data)   RO Data    RW Data    ZI Data      Debug   Object Name

       292         18        620          0        512       5440   km_startup - copy.o
       100         16          0          0          0       1320   myadc.o
         0          0          0          0          0       1444   pll.o

    ----------------------------------------------------------------------
       392         34        636          0        512       8204   Object Totals
         0          0         16          0          0          0   (incl. Generated)
         0          0          0          0          0          0   (incl. Padding)

    ----------------------------------------------------------------------

      Code (inc. data)   RO Data    RW Data    ZI Data      Debug   Library Member Name

         8          0          0          0          0         68   __main.o
         0          0          0          0          0          0   __rtentry.o
        12          0          0          0          0          0   __rtentry2.o
         6          0          0          0          0          0   __rtentry4.o
        52          8          0          0          0          0   __scatter.o
        28          0          0          0          0          0   __scatter_zi.o
        18          0          0          0          0         80   exit.o
         6          0          0          0          0        152   heapauxi.o
         0          0          0          0          0          0   indicate_semi.o
         2          0          0          0          0          0   libinit.o
         6          0          0          0          0          0   libinit2.o
         2          0          0          0          0          0   libshutdown.o
         2          0          0          0          0          0   libshutdown2.o
         8          4          0          0         96         68   libspace.o
         2          0          0          0          0          0   rtexit.o
        10          0          0          0          0          0   rtexit2.o
        12          4          0          0          0         68   sys_exit.o
        74          0          0          0          0         80   sys_stackheap_outer.o
         2          0          0          0          0         68   use_no_semi.o
        10          0          0          0          0        116   fpinit.o

    ----------------------------------------------------------------------
       264         16          0          0         96        700   Library Totals
         4          0          0          0          0          0   (incl. Padding)

    ----------------------------------------------------------------------

      Code (inc. data)   RO Data    RW Data    ZI Data      Debug   Library Name

       250         16          0          0         96        584   c_w.l
        10          0          0          0          0        116   fz_wm.l

    ----------------------------------------------------------------------
       264         16          0          0         96        700   Library Totals

    ----------------------------------------------------------------------

==============================================================================


      Code (inc. data)   RO Data    RW Data    ZI Data      Debug   

       656         50        636          0        608       8580   Grand Totals
       656         50        636          0        608       8580   ELF Image Totals
       656         50        636          0          0          0   ROM Totals

==============================================================================

    Total RO  Size (Code + RO Data)                 1292 (   1.26kB)
    Total RW  Size (RW Data + ZI Data)               608 (   0.59kB)
    Total ROM Size (Code + RO Data + RW Data)       1292 (   1.26kB)

==============================================================================

