<html>
<body>
<pre>
<h1>µVision Build Log</h1>
<h2>Tool Versions:</h2>
IDE-Version: µVision V5.17.0.0
Copyright (C) 2015 ARM Ltd and ARM Germany GmbH. All rights reserved.
License Information: Shivam Kurzekar, KM, LIC=----
 
Tool Versions:
Toolchain:       MDK-Lite  Version: 5.17
Toolchain Path:  C:\Keil_v5\ARM\ARMCC\Bin
C Compiler:      Armcc.exe V5.06 update 1 (build 61)
Assembler:       Armasm.exe V5.06 update 1 (build 61)
Linker/Locator:  ArmLink.exe V5.06 update 1 (build 61)
Library Manager: ArmAr.exe V5.06 update 1 (build 61)
Hex Converter:   FromElf.exe V5.06 update 1 (build 61)
CPU DLL:         SARMCM3.DLL V5.17
Dialog DLL:      DCM.DLL V1.13.4.0
Target DLL:      lmidk-agdi.dll V???
Dialog DLL:      TCM.DLL V1.14.6.0
 
<h2>Project:</h2>
C:\Users\Lenovo\Documents\MY_keil_projects\I2C_RTC\dht.uvprojx
Project File Date:  05/24/2019

<h2>Output:</h2>
*** Using Compiler 'V5.06 update 1 (build 61)', folder: 'C:\Keil_v5\ARM\ARMCC\Bin'
Rebuild target 'Target 1'
assembling km_startup - Copy.s...
compiling pll.c...
compiling my_dht11.c...
my_dht11.c(99): warning:  #177-D: variable "arr" was declared but never referenced
  	int i=0, bit=0, data=0,arr[45];
my_dht11.c(355): warning:  #177-D: variable "datacheck" was declared but never referenced
  	int datacheck = 0, x=0;
my_dht11.c(356): warning:  #550-D: variable "Checksum" was set but never used
  	int Hum_Hi=0, Hum_Lo=0, Temp_Hi=0, Temp_Lo=0, Checksum=0;
my_dht11.c(435): warning:  #1-D: last line of file ends without a newline
   
my_dht11.c: 4 warnings, 0 errors
linking...
Program Size: Code=2620 RO-data=664 RW-data=0 ZI-data=672  
".\Objects\dht.axf" - 0 Error(s), 4 Warning(s).

<h2>Software Packages used:</h2>

Package Vendor: ARM
                http://www.keil.com/pack/ARM.CMSIS.5.5.1.pack
                ARM::CMSIS:CORE:5.2.0
                CMSIS (Cortex Microcontroller Software Interface Standard)
   * Component: CORE Version: 5.2.0

<h2>Collection of Component include folders:</h2>
  C:\Users\Lenovo\Documents\MY_keil_projects\I2C_RTC\RTE
  C:\Keil_v5\ARM\PACK\ARM\CMSIS\5.5.1\CMSIS\Core\Include
  C:\Keil_v5\ARM\PACK\Keil\TM4C_DFP\1.1.0\Device\Include\TM4C123

<h2>Collection of Component Files used:</h2>

   * Component: ARM::CMSIS:CORE:5.2.0
Build Time Elapsed:  00:00:02
</pre>
</body>
</html>
